// Jest Snapshot v1, https://goo.gl/fbAQLP

exports[`Button 1`] = `
<DocumentFragment>
  <button
    class="button button-primary"
    type="button"
  >
    Primary Button
  </button>
</DocumentFragment>
`;
